============================= test session starts =============================
platform win32 -- Python 3.12.10, pytest-9.0.2, pluggy-1.6.0 -- C:\Users\alon_\AppData\Local\Programs\Python\Python312\python.exe
cachedir: .pytest_cache
rootdir: C:\projects\worldcup-predictor
plugins: anyio-4.12.1
collecting ... collected 46 items

tests/backtesting/test_metrics.py::test_returns_backtest_metrics PASSED  [  2%]
tests/backtesting/test_metrics.py::test_accuracy_1x2_all_correct PASSED  [  4%]
tests/backtesting/test_metrics.py::test_accuracy_1x2_none_correct PASSED [  6%]
tests/backtesting/test_metrics.py::test_brier_score_perfect_prediction PASSED [  8%]
tests/backtesting/test_metrics.py::test_brier_score_worst_prediction PASSED [ 10%]
tests/backtesting/test_metrics.py::test_hit_rates_computed_correctly PASSED [ 13%]
tests/backtesting/test_metrics.py::test_empty_results_raises PASSED      [ 15%]
tests/backtesting/test_runner.py::test_returns_list_of_match_results PASSED [ 17%]
tests/backtesting/test_runner.py::test_actual_outcome_team_a_win PASSED  [ 19%]
tests/backtesting/test_runner.py::test_actual_outcome_draw PASSED        [ 21%]
tests/backtesting/test_runner.py::test_actual_outcome_team_b_win PASSED  [ 23%]
tests/backtesting/test_runner.py::test_predicted_outcome_is_max_probability PASSED [ 26%]
tests/backtesting/test_runner.py::test_in_top_5_when_score_present PASSED [ 28%]
tests/backtesting/test_runner.py::test_missing_file_raises PASSED        [ 30%]
tests/backtesting/test_runner.py::test_missing_team_in_ratings_raises PASSED [ 32%]
tests/data/test_loader.py::test_returns_list_of_strings PASSED           [ 34%]
tests/data/test_loader.py::test_returns_expected_teams PASSED            [ 36%]
tests/data/test_loader.py::test_returns_sorted_list PASSED               [ 39%]
tests/data/test_loader.py::test_no_duplicates PASSED                     [ 41%]
tests/data/test_loader.py::test_minimum_team_count PASSED                [ 43%]
tests/data/test_loader.py::test_missing_file_raises PASSED               [ 45%]
tests/data/test_loader.py::test_missing_column_raises PASSED             [ 47%]
tests/data/test_loader.py::test_empty_file_raises PASSED                 [ 50%]
tests/data/test_loader.py::test_load_team_ratings_returns_dict PASSED    [ 52%]
tests/data/test_loader.py::test_load_team_ratings_contains_expected_keys PASSED [ 54%]
tests/data/test_loader.py::test_load_team_ratings_missing_file_raises PASSED [ 56%]
tests/data/test_loader.py::test_load_team_ratings_missing_column_raises PASSED [ 58%]
tests/models/test_poisson.py::test_returns_prediction_result PASSED      [ 60%]
tests/models/test_poisson.py::test_probabilities_sum_to_one PASSED       [ 63%]
tests/models/test_poisson.py::test_probabilities_are_between_0_and_1 PASSED [ 65%]
tests/models/test_poisson.py::test_higher_xg_team_has_higher_win_probability PASSED [ 67%]
tests/models/test_poisson.py::test_equal_xg_gives_symmetric_probabilities PASSED [ 69%]
tests/models/test_poisson.py::test_top_scorelines_returns_five PASSED    [ 71%]
tests/models/test_poisson.py::test_top_scorelines_are_sorted_descending PASSED [ 73%]
tests/models/test_poisson.py::test_top_scorelines_format PASSED          [ 76%]
tests/models/test_poisson.py::test_xg_validation_raises_on_zero PASSED   [ 78%]
tests/models/test_poisson.py::test_xg_validation_raises_on_negative PASSED [ 80%]
tests/models/test_poisson.py::test_team_names_stored_in_result PASSED    [ 82%]
tests/models/test_xg_calculator.py::test_returns_tuple_of_two_floats PASSED [ 84%]
tests/models/test_xg_calculator.py::test_equal_ratings_give_equal_xg PASSED [ 86%]
tests/models/test_xg_calculator.py::test_higher_elo_team_gets_higher_xg PASSED [ 89%]
tests/models/test_xg_calculator.py::test_lower_elo_team_gets_lower_xg PASSED [ 91%]
tests/models/test_xg_calculator.py::test_strong_attack_increases_xg PASSED [ 93%]
tests/models/test_xg_calculator.py::test_strong_defense_decreases_opponent_xg PASSED [ 95%]
tests/models/test_xg_calculator.py::test_extreme_elo_gap_clamps_xg PASSED [ 97%]
tests/models/test_xg_calculator.py::test_xg_values_always_within_bounds PASSED [100%]

============================= 46 passed in 2.63s ==============================
